// Jest Snapshot v1, https://goo.gl/fbAQLP

exports[`Testing al cliente Es Marcos Lopez 1`] = `
{
  "balance": 500,
  "nombre": "Marcos",
  "tipo": "Premium",
}
`;
